=== Testing DataTransformer with Schema Validation ===
Running transformation...
[DEBUG] Fetched schema for ID: {"title":"頨怠?霅絞銝蝺刻?","en_title":"ID","explain":"颲典?犖頨怠?銋?撅砌誨蝣?,"code":"摮葡","property":"[A-Z][1-2][00000000-99999999]","note":null,"regexp":"idValidate","displayname_1":null,"attachment_1":null,"displayname_2":null,"attachment_2":null,"displayname_3":null,"attachment_3":null,"displayname_4":null,"attachment_4":null,"displayname_5":null,"attachment_5":null}
[DEBUG] Parsed rule for ID: {"field":"ID","schemaUri":"https://schema.gov.tw/api/ExaminationandCivilservice/ProtectionandTraining/Training/ID","message":"Field ID format must match [A-Z][1-2][00000000-99999999]","type":"regex"}
[DEBUG] Final Validation Rules: [
  {
    "field": "ID",
    "schemaUri": "https://schema.gov.tw/api/ExaminationandCivilservice/ProtectionandTraining/Training/ID",
    "message": "Field ID format must match [A-Z][1-2][00000000-99999999]",
    "type": "regex"
  },
  {
    "field": "Name",
    "type": "string",
    "message": "Name is required"
  }
]
[DEBUG] Validating ID (regex) value: A123456789 pattern: undefined
[DEBUG] Validating Name (string) value: Test User pattern: undefined
[DEBUG] Validating ID (regex) value: 123 pattern: undefined
[DEBUG] Validating Name (string) value: Invalid User pattern: undefined
Transformation Result: {
  "targetFormat": "json",
  "output": [
    {
      "ID": "A123456789",
      "Name": "Test User"
    },
    {
      "ID": "123",
      "Name": "Invalid User"
    }
  ],
  "outputText": "[\n  {\n    \"ID\": \"A123456789\",\n    \"Name\": \"Test User\"\n  },\n  {\n    \"ID\": \"123\",\n    \"Name\": \"Invalid User\"\n  }\n]",
  "validation": {
    "valid": true,
    "errors": [],
    "data": [
      {
        "ID": "A123456789",
        "Name": "Test User"
      },
      {
        "ID": "123",
        "Name": "Invalid User"
      }
    ],
    "totalRecords": 2,
    "validRecords": 2,
    "invalidRecords": 0
  },
  "meta": {
    "sourceFormat": "json",
    "targetFormat": "json",
    "filtersApplied": 0,
    "usedTemplate": false,
    "usedMapping": false,
    "validationApplied": true,
    "validationPassed": true
  }
}
